// Jest Snapshot v1, https://goo.gl/fbAQLP

exports[`NewPetForm that it matches an existing snapshot 1`] = `
<form
  onSubmit={[Function]}
>
  <div>
    <label
      htmlFor="name"
    >
      Name: 
    </label>
    <input
      id="name"
      name="name"
      onChange={[Function]}
      type="text"
      value=""
    />
  </div>
  <div>
    <label
      htmlFor="age"
    >
      Age: 
    </label>
    <input
      id="age"
      name="age"
      onChange={[Function]}
      type="number"
      value={0}
    />
  </div>
  <div>
    <label
      htmlFor="breed"
    >
      Breed: 
    </label>
    <input
      id="breed"
      name="breed"
      onChange={[Function]}
      type="text"
      value=""
    />
  </div>
  <div>
    <label
      htmlFor="about"
    >
      About: 
    </label>
    <textarea
      id="about"
      name="about"
      onChange={[Function]}
      value=""
    />
  </div>
  <input
    type="submit"
    value="Add Pet"
  />
</form>
`;
